V3 3
FL "C:/Users/Samir/Desktop/VHDL/Prve pokazne vezbe/mux41/mux41.vhd" 2024/04/29.16:01:26 P.20131013
EN work/mux41 1715062171 \
      FL "C:/Users/Samir/Desktop/VHDL/Prve pokazne vezbe/mux41/mux41.vhd" \
      PB ieee/std_logic_1164 1381692176
AR work/mux41/Behavioral 1715062172 \
      FL "C:/Users/Samir/Desktop/VHDL/Prve pokazne vezbe/mux41/mux41.vhd" \
      EN work/mux41 1715062171
