AR clock_divider behavioral C:/Users/Samir/Desktop/VHDL/ispit2/clock_divider.vhd sub00/vhpl03 1718794716
EN clock_divider NULL C:/Users/Samir/Desktop/VHDL/ispit2/clock_divider.vhd sub00/vhpl02 1718794715
AR ispit2 behavioral C:/Users/Samir/Desktop/VHDL/ispit2/ispit2.vhd sub00/vhpl01 1718794718
EN ispit2 NULL C:/Users/Samir/Desktop/VHDL/ispit2/ispit2.vhd sub00/vhpl00 1718794717
