AR clock_divider behavioral "C:/Users/Samir/Desktop/VHDL/Peta lab vezba/stoperica_2/clock_divider.vhd" sub00/vhpl03 1716881700
EN stoperica NULL "C:/Users/Samir/Desktop/VHDL/Peta lab vezba/stoperica_2/stoperica.vhd" sub00/vhpl00 1716881701
EN clock_divider NULL "C:/Users/Samir/Desktop/VHDL/Peta lab vezba/stoperica_2/clock_divider.vhd" sub00/vhpl02 1716881699
AR stoperica behavioral "C:/Users/Samir/Desktop/VHDL/Peta lab vezba/stoperica_2/stoperica.vhd" sub00/vhpl01 1716881702
