AR clock_divider behavioral "C:/Users/Samir/Desktop/VHDL/Sesta lab vezba/LedShow/clock_divider.vhd" sub00/vhpl03 1717059935
EN ledshow NULL "C:/Users/Samir/Desktop/VHDL/Sesta lab vezba/LedShow/LedShow.vhd" sub00/vhpl00 1717059936
EN clock_divider NULL "C:/Users/Samir/Desktop/VHDL/Sesta lab vezba/LedShow/clock_divider.vhd" sub00/vhpl02 1717059934
AR ledshow behavioral "C:/Users/Samir/Desktop/VHDL/Sesta lab vezba/LedShow/LedShow.vhd" sub00/vhpl01 1717059937
