EN dec3to8 NULL "C:/Users/Samir/Desktop/VHDL/Druga lab vezba/Dec2-4_to_Dec3-8/Dec3to8.vhd" sub00/vhpl02 1716148438
EN dec2to4 NULL "C:/Users/Samir/Desktop/VHDL/Druga lab vezba/Dec2-4_to_Dec3-8/Dec2to4.vhd" sub00/vhpl00 1716148436
AR dec2to4 behavioral "C:/Users/Samir/Desktop/VHDL/Druga lab vezba/Dec2-4_to_Dec3-8/Dec2to4.vhd" sub00/vhpl01 1716148437
AR dec3to8 behavioral "C:/Users/Samir/Desktop/VHDL/Druga lab vezba/Dec2-4_to_Dec3-8/Dec3to8.vhd" sub00/vhpl03 1716148439
