EN fourbitadder NULL "C:/Users/Samir/Desktop/VHDL/Cetvrta lab vezba/sabirac4bit/sabirac4bit.vhd" sub00/vhpl02 1716283495
AR adder1bit behavioral "C:/Users/Samir/Desktop/VHDL/Cetvrta lab vezba/sabirac4bit/adder1bit.vhd" sub00/vhpl05 1716283494
EN fulladder NULL "C:/Users/Samir/Desktop/VHDL/Cetvrta lab vezba/sabirac4bit/sabirac.vhd" sub00/vhpl00 1716276699
AR fourbitadder behavioral "C:/Users/Samir/Desktop/VHDL/Cetvrta lab vezba/sabirac4bit/sabirac4bit.vhd" sub00/vhpl03 1716283496
EN adder1bit NULL "C:/Users/Samir/Desktop/VHDL/Cetvrta lab vezba/sabirac4bit/adder1bit.vhd" sub00/vhpl04 1716283493
AR fulladder behavioral "C:/Users/Samir/Desktop/VHDL/Cetvrta lab vezba/sabirac4bit/sabirac.vhd" sub00/vhpl01 1716276700
