AR brojac behavioral "C:/Users/Samir/Desktop/VHDL/Treca lab vezba/brojac_t_ff/brojac_t_ff.vhd" sub00/vhpl01 1715850993
EN counter3b NULL "C:/Users/Samir/Desktop/VHDL/Treca lab vezba/brojac_t_ff/brojac_t_ff.vhd" sub00/vhpl04 1715853675
EN brojac NULL "C:/Users/Samir/Desktop/VHDL/Treca lab vezba/brojac_t_ff/brojac_t_ff.vhd" sub00/vhpl00 1715850992
AR counter3b behavioral "C:/Users/Samir/Desktop/VHDL/Treca lab vezba/brojac_t_ff/brojac_t_ff.vhd" sub00/vhpl05 1715853676
AR brojac_t_ff behavioral "C:/Users/Samir/Desktop/VHDL/Treca lab vezba/brojac_t_ff/brojac_t_ff.vhd" sub00/vhpl03 1715853878
EN brojac_t_ff NULL "C:/Users/Samir/Desktop/VHDL/Treca lab vezba/brojac_t_ff/brojac_t_ff.vhd" sub00/vhpl02 1715853877
