AR clock_divider behavioral C:/Users/Samir/Desktop/VHDL/ispit3/clock_divider.vhd sub00/vhpl01 1718797715
EN clock_divider NULL C:/Users/Samir/Desktop/VHDL/ispit3/clock_divider.vhd sub00/vhpl00 1718797714
AR ispit3 behavioral C:/Users/Samir/Desktop/VHDL/ispit3/ispit3.vhd sub00/vhpl03 1718797717
EN ispit3 NULL C:/Users/Samir/Desktop/VHDL/ispit3/ispit3.vhd sub00/vhpl02 1718797716
