AR clock_divider behavioral "C:/Users/Samir/Desktop/VHDL/Peta lab vezba/stoperica8bit/clock_divider.vhd" sub00/vhpl03 1717009433
EN stoperica NULL "C:/Users/Samir/Desktop/VHDL/Peta lab vezba/stoperica8bit/stoperica.vhd" sub00/vhpl00 1717009434
EN clock_divider NULL "C:/Users/Samir/Desktop/VHDL/Peta lab vezba/stoperica8bit/clock_divider.vhd" sub00/vhpl02 1717009432
AR stoperica behavioral "C:/Users/Samir/Desktop/VHDL/Peta lab vezba/stoperica8bit/stoperica.vhd" sub00/vhpl01 1717009435
