EN stoperica NULL "C:/Users/Samir/Desktop/VHDL/Peta lab vezba/stoperica8bit/stoperica.vhd" sub00/vhpl00 1716877312
EN clock_divider NULL "C:/Users/Samir/Desktop/VHDL/Peta lab vezba/stoperica8bit/clock_divider.vhd" sub00/vhpl02 1716878086
AR stoperica behavioral "C:/Users/Samir/Desktop/VHDL/Peta lab vezba/stoperica8bit/stoperica.vhd" sub00/vhpl01 1716876863
