V3 3
FL C:/Users/Samir/Desktop/VHDL/Vezbanje/brojac/brojac.vhd 2024/05/16.08:09:09 P.20131013
EN work/brojac 1715839750 \
      FL C:/Users/Samir/Desktop/VHDL/Vezbanje/brojac/brojac.vhd \
      PB ieee/std_logic_1164 1381692176 PB ieee/NUMERIC_STD 1381692181
AR work/brojac/Behavioral 1715839751 \
      FL C:/Users/Samir/Desktop/VHDL/Vezbanje/brojac/brojac.vhd EN work/brojac 1715839750
