--------------------------------------------------------------------------------
Release 14.7 Trace  (nt64)
Copyright (c) 1995-2013 Xilinx, Inc.  All rights reserved.

C:\Xilinx\14.7\ISE_DS\ISE\bin\nt64\unwrapped\trce.exe -intstyle ise -v 3 -s 4
-n 3 -fastpaths -xml lab2.twx lab2.ncd -o lab2.twr lab2.pcf -ucf lab2.ucf

Design file:              lab2.ncd
Physical constraint file: lab2.pcf
Device,package,speed:     xc3s1500,fg676,-4 (PRODUCTION 1.39 2013-10-13)
Report level:             verbose report

Environment Variable      Effect 
--------------------      ------ 
NONE                      No environment variables were set
--------------------------------------------------------------------------------

INFO:Timing:2698 - No timing constraints found, doing default enumeration.
INFO:Timing:3412 - To improve timing, see the Timing Closure User Guide (UG612).
INFO:Timing:2752 - To get complete path coverage, use the unconstrained paths 
   option. All paths that are not constrained will be reported in the 
   unconstrained paths section(s) of the report.
INFO:Timing:3339 - The clock-to-out numbers in this timing report are based on 
   a 50 Ohm transmission line loading model.  For the details of this model, 
   and for more information on accounting for different loading conditions, 
   please see the device datasheet.
INFO:Timing:3390 - This architecture does not support a default System Jitter 
   value, please add SYSTEM_JITTER constraint to the UCF to modify the Clock 
   Uncertainty calculation.
INFO:Timing:3389 - This architecture does not support 'Discrete Jitter' and 
   'Phase Error' calculations, these terms will be zero in the Clock 
   Uncertainty calculation.  Please make appropriate modification to 
   SYSTEM_JITTER to account for the unsupported Discrete Jitter and Phase 
   Error.



Data Sheet report:
-----------------
All values displayed in nanoseconds (ns)

Pad to Pad
---------------+---------------+---------+
Source Pad     |Destination Pad|  Delay  |
---------------+---------------+---------+
Switch         |Y0             |    8.804|
Switch         |Y1             |    8.880|
Switch         |a              |    9.191|
Switch         |b              |    8.881|
Switch         |c              |    8.339|
Switch         |d              |    8.365|
Switch         |e              |    9.057|
Switch         |f              |    9.520|
Switch         |g              |   10.105|
Switch         |h              |   10.214|
X0             |Y0             |    7.618|
X0             |Y1             |    8.056|
X0             |Y2             |    8.803|
X0             |Y3             |    8.091|
X0             |a              |    8.083|
X0             |b              |    7.695|
X0             |c              |    7.231|
X0             |d              |    7.179|
X0             |e              |    7.949|
X0             |f              |    8.334|
X0             |g              |    8.997|
X0             |h              |    9.028|
X1             |Y0             |    8.360|
X1             |Y1             |    7.821|
X1             |Y2             |    8.406|
X1             |Y3             |    7.624|
X1             |a              |    8.867|
X1             |b              |    8.437|
X1             |c              |    8.015|
X1             |d              |    7.921|
X1             |e              |    8.733|
X1             |f              |    9.076|
X1             |g              |    9.781|
X1             |h              |    9.770|
---------------+---------------+---------+


Analysis completed Tue May 14 09:03:22 2024 
--------------------------------------------------------------------------------

Trace Settings:
-------------------------
Trace Settings 

Peak Memory Usage: 4519 MB



